  Determining projects to restore...
/app/benchmarks/benchmarks.csproj : warning NU1510: PackageReference Microsoft.CSharp will not be pruned. Consider removing this package from your dependencies, as it is likely unnecessary. [/app/BYOND2.0.sln]
/app/Servers/Server/Server.csproj : warning NU1510: PackageReference Microsoft.Extensions.DependencyInjection will not be pruned. Consider removing this package from your dependencies, as it is likely unnecessary. [/app/BYOND2.0.sln]
/app/Servers/Server/Server.csproj : warning NU1510: PackageReference Microsoft.Extensions.Hosting will not be pruned. Consider removing this package from your dependencies, as it is likely unnecessary. [/app/BYOND2.0.sln]
  All projects are up-to-date for restore.
/app/Servers/Server/Server.csproj : warning NU1510: PackageReference Microsoft.Extensions.DependencyInjection will not be pruned. Consider removing this package from your dependencies, as it is likely unnecessary.
/app/Servers/Server/Server.csproj : warning NU1510: PackageReference Microsoft.Extensions.Hosting will not be pruned. Consider removing this package from your dependencies, as it is likely unnecessary.
  Robust.Shared.Maths -> /app/Engine/Robust.Shared.Maths/bin/Debug/net10.0/Robust.Shared.Maths.dll
/app/benchmarks/benchmarks.csproj : warning NU1510: PackageReference Microsoft.CSharp will not be pruned. Consider removing this package from your dependencies, as it is likely unnecessary.
  Shared -> /app/Engine/Shared/bin/Debug/net10.0/Shared.dll
  Compiler -> /app/Developers/Compiler/bin/Debug/net10.0/Compiler.dll
  Launcher -> /app/Launchers/Launcher.Player/bin/Debug/net10.0/Launcher.Player.dll
  Core -> /app/Engine/Core/bin/Debug/net10.0/Core.dll
  Launcher.Developer -> /app/Launchers/Launcher.Developer/bin/Debug/net10.0/Launcher.Developer.dll
  Client -> /app/Players/Client/bin/Debug/net10.0/Client.dll
  Server -> /app/Servers/Server/bin/Debug/net10.0/Server.dll
  benchmarks -> /app/benchmarks/bin/Debug/net10.0/benchmarks.dll
  Editor -> /app/Developers/Editor/bin/Debug/net10.0/Editor.dll
  tests -> /app/tests/bin/Debug/net10.0/tests.dll

Build succeeded.

/app/benchmarks/benchmarks.csproj : warning NU1510: PackageReference Microsoft.CSharp will not be pruned. Consider removing this package from your dependencies, as it is likely unnecessary. [/app/BYOND2.0.sln]
/app/Servers/Server/Server.csproj : warning NU1510: PackageReference Microsoft.Extensions.DependencyInjection will not be pruned. Consider removing this package from your dependencies, as it is likely unnecessary. [/app/BYOND2.0.sln]
/app/Servers/Server/Server.csproj : warning NU1510: PackageReference Microsoft.Extensions.Hosting will not be pruned. Consider removing this package from your dependencies, as it is likely unnecessary. [/app/BYOND2.0.sln]
/app/Servers/Server/Server.csproj : warning NU1510: PackageReference Microsoft.Extensions.DependencyInjection will not be pruned. Consider removing this package from your dependencies, as it is likely unnecessary.
/app/Servers/Server/Server.csproj : warning NU1510: PackageReference Microsoft.Extensions.Hosting will not be pruned. Consider removing this package from your dependencies, as it is likely unnecessary.
/app/benchmarks/benchmarks.csproj : warning NU1510: PackageReference Microsoft.CSharp will not be pruned. Consider removing this package from your dependencies, as it is likely unnecessary.
    6 Warning(s)
    0 Error(s)

Time Elapsed 00:00:09.24
